--- Starting Adapter Test ---
Testing current setup...
Current setup instantiated. Trying query...
Current setup SUCCESS???

Testing CORRECT setup...
DB Path: C:\Users\acer\Downloads\zk\zk-next\dev.db
Correct setup instantiated. Trying query...
